---
http_interactions:
- request:
    method: post
    uri: https://testuser%40testorg:testpass@testurl.local/api/sessions
    body:
      encoding: UTF-8
      string: ''
    headers:
      Accept:
      - application/*+xml;version=5.1
      Accept-Encoding:
      - gzip, deflate
      User-Agent:
      - Ruby
  response:
    status:
      code: 200
      message: OK
    headers:
      Date:
      - Thu, 22 May 2014 14:08:47 GMT
      - Thu, 22 May 2014 14:08:47 GMT
      X-Vcloud-Authorization:
      - 6ftjnN2fq6l0Vj+5GjChuZMcI+nLr3caUqySscnr4sg=
      Set-Cookie:
      - vcloud-token=6ftjnN2fq6l0Vj+5GjChuZMcI+nLr3caUqySscnr4sg=; Secure; Path=/
      Content-Type:
      - application/vnd.vmware.vcloud.session+xml;version=5.1
      Content-Length:
      - '1149'
    body:
      encoding: UTF-8
      string: |
        <?xml version="1.0" encoding="UTF-8"?>
        <Session xmlns="http://www.vmware.com/vcloud/v1.5" user="testuser" org="Test" type="application/vnd.vmware.vcloud.session+xml" href="https://testurl.local/api/session/" xmlns:xsi="http://www.w3.org/2001/XMLSchema-instance" xsi:schemaLocation="http://www.vmware.com/vcloud/v1.5 http://testurl.local/api/v1.5/schema/master.xsd">
            <Link rel="down" type="application/vnd.vmware.vcloud.orgList+xml" href="https://testurl.local/api/org/"/>
            <Link rel="down" type="application/vnd.vmware.admin.vcloud+xml" href="https://testurl.local/api/admin/"/>
            <Link rel="down" type="application/vnd.vmware.vcloud.org+xml" name="Test" href="https://testurl.local/api/org/562f56be-fa9f-48bd-a5fe-a0f9b0acceae"/>
            <Link rel="down" type="application/vnd.vmware.vcloud.query.queryList+xml" href="https://testurl.local/api/query"/>
            <Link rel="entityResolver" type="application/vnd.vmware.vcloud.entity+xml" href="https://testurl.local/api/entity/"/>
            <Link rel="down:extensibility" type="application/vnd.vmware.vcloud.apiextensibility+xml" href="https://testurl.local/api/extensibility"/>
        </Session>
    http_version:
  recorded_at: Thu, 22 May 2014 14:08:49 GMT
- request:
    method: get
    uri: https://testurl.local/api/org
    body:
      encoding: US-ASCII
      string: ''
    headers:
      Accept:
      - application/*+xml;version=5.1
      Accept-Encoding:
      - gzip, deflate
      X-Vcloud-Authorization:
      - 6ftjnN2fq6l0Vj+5GjChuZMcI+nLr3caUqySscnr4sg=
      User-Agent:
      - Ruby
  response:
    status:
      code: 200
      message: OK
    headers:
      Date:
      - Thu, 22 May 2014 14:08:47 GMT
      - Thu, 22 May 2014 14:08:47 GMT
      Content-Type:
      - application/vnd.vmware.vcloud.orglist+xml;version=5.1
      Content-Length:
      - '494'
    body:
      encoding: ASCII-8BIT
      string: |
        <?xml version="1.0" encoding="UTF-8"?>
        <OrgList xmlns="http://www.vmware.com/vcloud/v1.5" type="application/vnd.vmware.vcloud.orgList+xml" href="https://testurl.local/api/org/" xmlns:xsi="http://www.w3.org/2001/XMLSchema-instance" xsi:schemaLocation="http://www.vmware.com/vcloud/v1.5 http://testurl.local/api/v1.5/schema/master.xsd">
            <Org type="application/vnd.vmware.vcloud.org+xml" name="Test" href="https://testurl.local/api/org/562f56be-fa9f-48bd-a5fe-a0f9b0acceae"/>
        </OrgList>
    http_version:
  recorded_at: Thu, 22 May 2014 14:08:50 GMT
- request:
    method: get
    uri: https://testurl.local/api/org/562f56be-fa9f-48bd-a5fe-a0f9b0acceae
    body:
      encoding: US-ASCII
      string: ''
    headers:
      Accept:
      - application/*+xml;version=5.1
      Accept-Encoding:
      - gzip, deflate
      X-Vcloud-Authorization:
      - 6ftjnN2fq6l0Vj+5GjChuZMcI+nLr3caUqySscnr4sg=
      User-Agent:
      - Ruby
  response:
    status:
      code: 200
      message: OK
    headers:
      Date:
      - Thu, 22 May 2014 14:08:47 GMT
      - Thu, 22 May 2014 14:08:47 GMT
      Content-Type:
      - application/vnd.vmware.vcloud.org+xml;version=5.1
      Content-Length:
      - '4220'
    body:
      encoding: ASCII-8BIT
      string: |
        <?xml version="1.0" encoding="UTF-8"?>
        <Org xmlns="http://www.vmware.com/vcloud/v1.5" name="Test" id="urn:vcloud:org:562f56be-fa9f-48bd-a5fe-a0f9b0acceae" type="application/vnd.vmware.vcloud.org+xml" href="testurl.local/api/org/562f56be-fa9f-48bd-a5fe-a0f9b0acceae" xmlns:xsi="http://www.w3.org/2001/XMLSchema-instance" xsi:schemaLocation="http://www.vmware.com/vcloud/v1.5 http://testurl.local/api/v1.5/schema/master.xsd">
            <Link rel="down" type="application/vnd.vmware.vcloud.vdc+xml" name="Test_vdc" href="testurl.local/api/vdc/69aaefa5-b18b-40d3-ac0b-7a536707a2a1"/>
            <Link rel="down" type="application/vnd.vmware.vcloud.tasksList+xml" href="testurl.local/api/tasksList/562f56be-fa9f-48bd-a5fe-a0f9b0acceae"/>
            <Link rel="down" type="application/vnd.vmware.vcloud.catalog+xml" name="Test_catalog" href="testurl.local/api/catalog/6aff519e-9eb8-4831-b10c-92b22534567b"/>
            <Link rel="down" type="application/vnd.vmware.vcloud.controlAccess+xml" href="testurl.local/api/org/562f56be-fa9f-48bd-a5fe-a0f9b0acceae/catalog/6aff519e-9eb8-4831-b10c-92b22534567b/controlAccess/"/>
            <Link rel="controlAccess" type="application/vnd.vmware.vcloud.controlAccess+xml" href="testurl.local/api/org/562f56be-fa9f-48bd-a5fe-a0f9b0acceae/catalog/6aff519e-9eb8-4831-b10c-92b22534567b/action/controlAccess"/>
            <Link rel="down" type="application/vnd.vmware.vcloud.catalog+xml" name="Test_catalog2" href="testurl.local/api/catalog/9b335990-b163-46d3-869c-4d3cfe80dabf"/>
            <Link rel="down" type="application/vnd.vmware.vcloud.controlAccess+xml" href="testurl.local/api/org/562f56be-fa9f-48bd-a5fe-a0f9b0acceae/catalog/9b335990-b163-46d3-869c-4d3cfe80dabf/controlAccess/"/>
            <Link rel="add" type="application/vnd.vmware.admin.catalog+xml" href="testurl.local/api/admin/org/562f56be-fa9f-48bd-a5fe-a0f9b0acceae/catalogs"/>
            <Link rel="down" type="application/vnd.vmware.vcloud.orgNetwork+xml" name="Test_network1" href="testurl.local/api/network/163b1865-6176-4498-9048-be056aaa6e5e"/>
            <Link rel="down" type="application/vnd.vmware.vcloud.orgNetwork+xml" name="Test_network2" href="testurl.local/api/network/3782a2eb-e408-4764-8986-1ae5fc033363"/>
            <Link rel="down" type="application/vnd.vmware.vcloud.orgNetwork+xml" name="Test_network3" href="testurl.local/api/network/6e9ced1c-ee39-4a39-aed8-c619c8693029"/>
            <Link rel="down" type="application/vnd.vmware.vcloud.supportedSystemsInfo+xml" href="testurl.local/api/supportedSystemsInfo/"/>
            <Link rel="down" type="application/vnd.vmware.vcloud.metadata+xml" href="testurl.local/api/org/562f56be-fa9f-48bd-a5fe-a0f9b0acceae/metadata"/>
            <Description>Test Organization</Description>
            <FullName>Test</FullName>
        </Org>
    http_version:
  recorded_at: Thu, 22 May 2014 14:08:50 GMT
- request:
    method: get
    uri: https://testurl.local/api/vdc/69aaefa5-b18b-40d3-ac0b-7a536707a2a1
    body:
      encoding: US-ASCII
      string: ''
    headers:
      Accept:
      - application/*+xml;version=5.1
      Accept-Encoding:
      - gzip, deflate
      X-Vcloud-Authorization:
      - 6ftjnN2fq6l0Vj+5GjChuZMcI+nLr3caUqySscnr4sg=
      User-Agent:
      - Ruby
  response:
    status:
      code: 200
      message: OK
    headers:
      Date:
      - Thu, 22 May 2014 14:08:48 GMT
      - Thu, 22 May 2014 14:08:48 GMT
      Content-Type:
      - application/vnd.vmware.vcloud.vdc+xml;version=5.1
      Content-Length:
      - '8080'
    body:
      encoding: ASCII-8BIT
      string: |
        <?xml version="1.0" encoding="UTF-8"?>
        <Vdc xmlns="http://www.vmware.com/vcloud/v1.5" status="1" name="Test_vdc" id="urn:vcloud:vdc:69aaefa5-b18b-40d3-ac0b-7a536707a2a1" type="application/vnd.vmware.vcloud.vdc+xml" href="testurl.local/api/vdc/69aaefa5-b18b-40d3-ac0b-7a536707a2a1" xmlns:xsi="http://www.w3.org/2001/XMLSchema-instance" xsi:schemaLocation="http://www.vmware.com/vcloud/v1.5 http://testurl.local/api/v1.5/schema/master.xsd">
            <Link rel="up" type="application/vnd.vmware.vcloud.org+xml" href="testurl.local/api/org/562f56be-fa9f-48bd-a5fe-a0f9b0acceae"/>
            <Link rel="down" type="application/vnd.vmware.vcloud.metadata+xml" href="testurl.local/api/vdc/69aaefa5-b18b-40d3-ac0b-7a536707a2a1/metadata"/>
            <Link rel="add" type="application/vnd.vmware.vcloud.uploadVAppTemplateParams+xml" href="testurl.local/api/vdc/69aaefa5-b18b-40d3-ac0b-7a536707a2a1/action/uploadVAppTemplate"/>
            <Link rel="add" type="application/vnd.vmware.vcloud.media+xml" href="testurl.local/api/vdc/69aaefa5-b18b-40d3-ac0b-7a536707a2a1/media"/>
            <Link rel="add" type="application/vnd.vmware.vcloud.instantiateVAppTemplateParams+xml" href="testurl.local/api/vdc/69aaefa5-b18b-40d3-ac0b-7a536707a2a1/action/instantiateVAppTemplate"/>
            <Link rel="add" type="application/vnd.vmware.vcloud.cloneVAppParams+xml" href="testurl.local/api/vdc/69aaefa5-b18b-40d3-ac0b-7a536707a2a1/action/cloneVApp"/>
            <Link rel="add" type="application/vnd.vmware.vcloud.cloneVAppTemplateParams+xml" href="testurl.local/api/vdc/69aaefa5-b18b-40d3-ac0b-7a536707a2a1/action/cloneVAppTemplate"/>
            <Link rel="add" type="application/vnd.vmware.vcloud.cloneMediaParams+xml" href="testurl.local/api/vdc/69aaefa5-b18b-40d3-ac0b-7a536707a2a1/action/cloneMedia"/>
            <Link rel="add" type="application/vnd.vmware.vcloud.captureVAppParams+xml" href="testurl.local/api/vdc/69aaefa5-b18b-40d3-ac0b-7a536707a2a1/action/captureVApp"/>
            <Link rel="add" type="application/vnd.vmware.vcloud.composeVAppParams+xml" href="testurl.local/api/vdc/69aaefa5-b18b-40d3-ac0b-7a536707a2a1/action/composeVApp"/>
            <Link rel="add" type="application/vnd.vmware.vcloud.diskCreateParams+xml" href="testurl.local/api/vdc/69aaefa5-b18b-40d3-ac0b-7a536707a2a1/disk"/>
            <Link rel="edgeGateways" type="application/vnd.vmware.vcloud.query.records+xml" href="testurl.local/api/admin/vdc/69aaefa5-b18b-40d3-ac0b-7a536707a2a1/edgeGateways"/>
            <Link rel="add" type="application/vnd.vmware.vcloud.orgVdcNetwork+xml" href="testurl.local/api/admin/vdc/69aaefa5-b18b-40d3-ac0b-7a536707a2a1/networks"/>
            <Link rel="orgVdcNetworks" type="application/vnd.vmware.vcloud.query.records+xml" href="testurl.local/api/admin/vdc/69aaefa5-b18b-40d3-ac0b-7a536707a2a1/networks"/>
            <Description>VDC 1</Description>
            <AllocationModel>AllocationVApp</AllocationModel>
            <ComputeCapacity>
                <Cpu>
                    <Units>MHz</Units>
                    <Allocated>0</Allocated>
                    <Limit>0</Limit>
                    <Reserved>0</Reserved>
                    <Used>10680</Used>
                    <Overhead>0</Overhead>
                </Cpu>
                <Memory>
                    <Units>MB</Units>
                    <Allocated>0</Allocated>
                    <Limit>20480</Limit>
                    <Reserved>0</Reserved>
                    <Used>5120</Used>
                    <Overhead>103</Overhead>
                </Memory>
            </ComputeCapacity>
            <ResourceEntities>
                <ResourceEntity type="application/vnd.vmware.vcloud.vApp+xml" name="Test_vapp1" href="testurl.local/api/vApp/vapp-65b4dbc9-b0b1-46e4-a420-8f8147369f8b"/>
                <ResourceEntity type="application/vnd.vmware.vcloud.vApp+xml" name="Test_vapp2" href="testurl.local/api/vApp/vapp-d73600c2-955c-472e-b95f-8981844b37e0"/>
                <ResourceEntity type="application/vnd.vmware.vcloud.vAppTemplate+xml" name="Test_vapp_template1" href="testurl.local/api/vAppTemplate/vappTemplate-89e33fd7-04a7-4b5f-830b-2423c41089e3"/>
                <ResourceEntity type="application/vnd.vmware.vcloud.vAppTemplate+xml" name="Test_vapp_template2" href="testurl.local/api/vAppTemplate/vappTemplate-fa134a0d-cfbe-4ed5-aa99-f6e384e77e7b"/>
                <ResourceEntity type="application/vnd.vmware.vcloud.media+xml" name="Test_media1" href="testurl.local/api/media/9692be3e-125e-4542-ab8a-95768ce0f2d4"/>
                <ResourceEntity type="application/vnd.vmware.vcloud.media+xml" name="Test_media2" href="testurl.local/api/media/9f2304ca-96d4-492d-ab6f-07bd294a6f2b"/>
            </ResourceEntities>
            <AvailableNetworks>
                <Network type="application/vnd.vmware.vcloud.network+xml" name="Test_network1" href="testurl.local/api/network/163b1865-6176-4498-9048-be056aaa6e5e"/>
                <Network type="application/vnd.vmware.vcloud.network+xml" name="Test_network2" href="testurl.local/api/network/3782a2eb-e408-4764-8986-1ae5fc033363"/>
                <Network type="application/vnd.vmware.vcloud.network+xml" name="Test_network3" href="testurl.local/api/network/6e9ced1c-ee39-4a39-aed8-c619c8693029"/>
            </AvailableNetworks>
            <Capabilities>
                <SupportedHardwareVersions>
                    <SupportedHardwareVersion>vmx-04</SupportedHardwareVersion>
                    <SupportedHardwareVersion>vmx-07</SupportedHardwareVersion>
                    <SupportedHardwareVersion>vmx-08</SupportedHardwareVersion>
                    <SupportedHardwareVersion>vmx-09</SupportedHardwareVersion>
                </SupportedHardwareVersions>
            </Capabilities>
            <NicQuota>0</NicQuota>
            <NetworkQuota>2</NetworkQuota>
            <UsedNetworkCount>0</UsedNetworkCount>
            <VmQuota>20</VmQuota>
            <IsEnabled>true</IsEnabled>
            <VdcStorageProfiles>
                <VdcStorageProfile type="application/vnd.vmware.vcloud.vdcStorageProfile+xml" name="Silver" href="testurl.local/api/vdcStorageProfile/d070c1ed-4246-4b1c-8a90-7659a1037cb9"/>
            </VdcStorageProfiles>
        </Vdc>
    http_version:
  recorded_at: Thu, 22 May 2014 14:08:50 GMT
- request:
    method: get
    uri: https://testurl.local/api/vApp/vapp-65b4dbc9-b0b1-46e4-a420-8f8147369f8b
    body:
      encoding: US-ASCII
      string: ''
    headers:
      Accept:
      - application/*+xml;version=5.1
      Accept-Encoding:
      - gzip, deflate
      X-Vcloud-Authorization:
      - 6ftjnN2fq6l0Vj+5GjChuZMcI+nLr3caUqySscnr4sg=
      User-Agent:
      - Ruby
  response:
    status:
      code: 200
      message: OK
    headers:
      Date:
      - Thu, 22 May 2014 14:08:48 GMT
      - Thu, 22 May 2014 14:08:48 GMT
      Content-Type:
      - application/vnd.vmware.vcloud.vApp+xml;version=5.1
      Content-Length:
      - '30583'
    body:
      encoding: ASCII-8BIT
      string: "<?xml version=\"1.0\" encoding=\"UTF-8\"?>
      <VApp xmlns=\"http://www.vmware.com/vcloud/v1.5\"
        xmlns:rasd=\"http://schemas.dmtf.org/wbem/wscim/1/cim-schema/2/CIM_ResourceAllocationSettingData\"
        xmlns:ovf=\"http://schemas.dmtf.org/ovf/envelope/1\" xmlns:vssd=\"http://schemas.dmtf.org/wbem/wscim/1/cim-schema/2/CIM_VirtualSystemSettingData\"
        xmlns:vmw=\"http://www.vmware.com/schema/ovf\" xmlns:ovfenv=\"http://schemas.dmtf.org/ovf/environment/1\"
        xmlns:xsi=\"http://www.w3.org/2001/XMLSchema-instance\" deployed=\"true\"
        status=\"4\" name=\"Test_vapp1\" id=\"urn:vcloud:vapp:65b4dbc9-b0b1-46e4-a420-8f8147369f8b\"
        type=\"application/vnd.vmware.vcloud.vApp+xml\" href=\"https://testurl.local/api/vApp/vapp-65b4dbc9-b0b1-46e4-a420-8f8147369f8b\"
        xsi:schemaLocation=\"http://schemas.dmtf.org/wbem/wscim/1/cim-schema/2/CIM_VirtualSystemSettingData
        http://schemas.dmtf.org/wbem/wscim/1/cim-schema/2.22.0/CIM_VirtualSystemSettingData.xsd
        http://www.vmware.com/schema/ovf http://www.vmware.com/schema/ovf http://schemas.dmtf.org/ovf/envelope/1
        http://schemas.dmtf.org/ovf/envelope/1/dsp8023_1.1.0.xsd http://schemas.dmtf.org/ovf/environment/1
        http://schemas.dmtf.org/ovf/envelope/1/dsp8027_1.1.0.xsd http://www.vmware.com/vcloud/v1.5
        http://testurl.local/api/v1.5/schema/master.xsd http://schemas.dmtf.org/wbem/wscim/1/cim-schema/2/CIM_ResourceAllocationSettingData
        http://schemas.dmtf.org/wbem/wscim/1/cim-schema/2.22.0/CIM_ResourceAllocationSettingData.xsd\">
        \   <Link rel=\"power:powerOff\" href=\"https://testurl.local/api/vApp/vapp-65b4dbc9-b0b1-46e4-a420-8f8147369f8b/power/action/powerOff\"/>
        \   <Link rel=\"power:reboot\" href=\"https://testurl.local/api/vApp/vapp-65b4dbc9-b0b1-46e4-a420-8f8147369f8b/power/action/reboot\"/>
        \   <Link rel=\"power:reset\" href=\"https://testurl.local/api/vApp/vapp-65b4dbc9-b0b1-46e4-a420-8f8147369f8b/power/action/reset\"/>
        \   <Link rel=\"power:shutdown\" href=\"https://testurl.local/api/vApp/vapp-65b4dbc9-b0b1-46e4-a420-8f8147369f8b/power/action/shutdown\"/>
        \   <Link rel=\"power:suspend\" href=\"https://testurl.local/api/vApp/vapp-65b4dbc9-b0b1-46e4-a420-8f8147369f8b/power/action/suspend\"/>
        \   <Link rel=\"deploy\" type=\"application/vnd.vmware.vcloud.deployVAppParams+xml\"
        href=\"https://testurl.local/api/vApp/vapp-65b4dbc9-b0b1-46e4-a420-8f8147369f8b/action/deploy\"/>
        \   <Link rel=\"undeploy\" type=\"application/vnd.vmware.vcloud.undeployVAppParams+xml\"
        href=\"https://testurl.local/api/vApp/vapp-65b4dbc9-b0b1-46e4-a420-8f8147369f8b/action/undeploy\"/>
        \   <Link rel=\"down\" type=\"application/vnd.vmware.vcloud.vAppNetwork+xml\"
        name=\"Test_network1\" href=\"https://testurl.local/api/network/e2ef960c-f0a4-44de-96d6-8a541620b780\"/>
        \   <Link rel=\"down\" type=\"application/vnd.vmware.vcloud.controlAccess+xml\"
        href=\"https://testurl.local/api/vApp/vapp-65b4dbc9-b0b1-46e4-a420-8f8147369f8b/controlAccess/\"/>
        \   <Link rel=\"controlAccess\" type=\"application/vnd.vmware.vcloud.controlAccess+xml\"
        href=\"https://testurl.local/api/vApp/vapp-65b4dbc9-b0b1-46e4-a420-8f8147369f8b/action/controlAccess\"/>
        \   <Link rel=\"up\" type=\"application/vnd.vmware.vcloud.vdc+xml\" href=\"https://testurl.local/api/vdc/69aaefa5-b18b-40d3-ac0b-7a536707a2a1\"/>
        \   <Link rel=\"edit\" type=\"application/vnd.vmware.vcloud.vApp+xml\" href=\"https://testurl.local/api/vApp/vapp-65b4dbc9-b0b1-46e4-a420-8f8147369f8b\"/>
        \   <Link rel=\"down\" type=\"application/vnd.vmware.vcloud.owner+xml\" href=\"https://testurl.local/api/vApp/vapp-65b4dbc9-b0b1-46e4-a420-8f8147369f8b/owner\"/>
        \   <Link rel=\"down\" type=\"application/vnd.vmware.vcloud.metadata+xml\"
        href=\"https://testurl.local/api/vApp/vapp-65b4dbc9-b0b1-46e4-a420-8f8147369f8b/metadata\"/>
        \   <Link rel=\"ovf\" type=\"text/xml\" href=\"https://testurl.local/api/vApp/vapp-65b4dbc9-b0b1-46e4-a420-8f8147369f8b/ovf\"/>
        \   <Link rel=\"down\" type=\"application/vnd.vmware.vcloud.productSections+xml\"
        href=\"https://testurl.local/api/vApp/vapp-65b4dbc9-b0b1-46e4-a420-8f8147369f8b/productSections/\"/>
        \   <Link rel=\"snapshot:create\" type=\"application/vnd.vmware.vcloud.createSnapshotParams+xml\"
        href=\"https://testurl.local/api/vApp/vapp-65b4dbc9-b0b1-46e4-a420-8f8147369f8b/action/createSnapshot\"/>
        \   <Description>VApp Description example</Description>
            <LeaseSettingsSection
        type=\"application/vnd.vmware.vcloud.leaseSettingsSection+xml\" href=\"https://testurl.local/api/vApp/vapp-65b4dbc9-b0b1-46e4-a420-8f8147369f8b/leaseSettingsSection/\"
        ovf:required=\"false\">
                <ovf:Info>Lease settings section</ovf:Info>
        \       <Link rel=\"edit\" type=\"application/vnd.vmware.vcloud.leaseSettingsSection+xml\"
        href=\"https://testurl.local/api/vApp/vapp-65b4dbc9-b0b1-46e4-a420-8f8147369f8b/leaseSettingsSection/\"/>
        \       <DeploymentLeaseInSeconds>0</DeploymentLeaseInSeconds>
                <StorageLeaseInSeconds>0</StorageLeaseInSeconds>
        \   </LeaseSettingsSection>
            <ovf:StartupSection xmlns:ns12=\"http://www.vmware.com/vcloud/v1.5\"
        ns12:href=\"https://testurl.local/api/vApp/vapp-65b4dbc9-b0b1-46e4-a420-8f8147369f8b/startupSection/\"
        ns12:type=\"application/vnd.vmware.vcloud.startupSection+xml\">
                <ovf:Info>VApp
        startup section</ovf:Info>
                <ovf:Item ovf:stopDelay=\"0\" ovf:stopAction=\"powerOff\"
        ovf:startDelay=\"0\" ovf:startAction=\"powerOn\" ovf:order=\"0\" ovf:id=\"Test_vm1\"/>
        \       <Link rel=\"edit\" type=\"application/vnd.vmware.vcloud.startupSection+xml\"
        href=\"https://testurl.local/api/vApp/vapp-65b4dbc9-b0b1-46e4-a420-8f8147369f8b/startupSection/\"/>
        \   </ovf:StartupSection>
            <ovf:NetworkSection xmlns:ns12=\"http://www.vmware.com/vcloud/v1.5\"
        ns12:href=\"https://testurl.local/api/vApp/vapp-65b4dbc9-b0b1-46e4-a420-8f8147369f8b/networkSection/\"
        ns12:type=\"application/vnd.vmware.vcloud.networkSection+xml\">
                <ovf:Info>The
        list of logical networks</ovf:Info>
                <ovf:Network ovf:name=\"Test_network1\">
        \           <ovf:Description/>
                </ovf:Network>
            </ovf:NetworkSection>
        \   <NetworkConfigSection type=\"application/vnd.vmware.vcloud.networkConfigSection+xml\"
        href=\"https://testurl.local/api/vApp/vapp-65b4dbc9-b0b1-46e4-a420-8f8147369f8b/networkConfigSection/\"
        ovf:required=\"false\">
                <ovf:Info>The configuration parameters for
        logical networks</ovf:Info>
                <Link rel=\"edit\" type=\"application/vnd.vmware.vcloud.networkConfigSection+xml\"
        href=\"https://testurl.local/api/vApp/vapp-65b4dbc9-b0b1-46e4-a420-8f8147369f8b/networkConfigSection/\"/>
        \       <NetworkConfig networkName=\"Test_network1\">
                    <Link rel=\"repair\"
        href=\"https://testurl.local/api/admin/network/e2ef960c-f0a4-44de-96d6-8a541620b780/action/reset\"/>
        \           <Description/>
                    <Configuration>
                        <IpScopes>
        \                   <IpScope>
                                <IsInherited>true</IsInherited>
        \                       <Gateway>10.202.4.1</Gateway>
                                <Netmask>255.255.254.0</Netmask>
        \                       <Dns1>10.101.0.10</Dns1>
                                <Dns2>10.101.0.105</Dns2>
        \                       <DnsSuffix>example.dns.local</DnsSuffix>
                                <IsEnabled>true</IsEnabled>
        \                       <IpRanges>
                                    <IpRange>
        \                               <StartAddress>10.202.4.2</StartAddress>
        \                               <EndAddress>10.202.4.65</EndAddress>
                                    </IpRange>
        \                       </IpRanges>
                            </IpScope>
                        </IpScopes>
        \               <ParentNetwork name=\"Test_network1\" id=\"3782a2eb-e408-4764-8986-1ae5fc033363\"
        href=\"https://testurl.local/api/admin/network/3782a2eb-e408-4764-8986-1ae5fc033363\"/>
        \               <FenceMode>bridged</FenceMode>
                        <RetainNetInfoAcrossDeployments>false</RetainNetInfoAcrossDeployments>
        \           </Configuration>
                    <IsDeployed>true</IsDeployed>
        \       </NetworkConfig>
            </NetworkConfigSection>
            <SnapshotSection
        type=\"application/vnd.vmware.vcloud.snapshotSection+xml\" href=\"https://testurl.local/api/vApp/vapp-65b4dbc9-b0b1-46e4-a420-8f8147369f8b/snapshotSection\"
        ovf:required=\"false\">
                <ovf:Info>Snapshot information section</ovf:Info>
        \   </SnapshotSection>
            <DateCreated>2014-05-19T12:30:55.473+02:00</DateCreated>
        \   <Owner type=\"application/vnd.vmware.vcloud.owner+xml\">
                <User
        type=\"application/vnd.vmware.admin.user+xml\" name=\"testuser\" href=\"https://testurl.local/api/admin/user/5b0af047-3e74-42ac-8b6f-005fad80256f\"/>
        \   </Owner>
            <InMaintenanceMode>false</InMaintenanceMode>
            <Children>
        \       <Vm nestedHypervisorEnabled=\"false\" needsCustomization=\"false\"
        deployed=\"true\" status=\"4\" name=\"Test_vm1\" id=\"urn:vcloud:vm:9bb33684-8642-4279-8af2-24eed5f129a6\"
        type=\"application/vnd.vmware.vcloud.vm+xml\" href=\"https://testurl.local/api/vApp/vm-9bb33684-8642-4279-8af2-24eed5f129a6\">
        \           <Link rel=\"power:powerOff\" href=\"https://testurl.local/api/vApp/vm-9bb33684-8642-4279-8af2-24eed5f129a6/power/action/powerOff\"/>
        \           <Link rel=\"power:reboot\" href=\"https://testurl.local/api/vApp/vm-9bb33684-8642-4279-8af2-24eed5f129a6/power/action/reboot\"/>
        \           <Link rel=\"power:reset\" href=\"https://testurl.local/api/vApp/vm-9bb33684-8642-4279-8af2-24eed5f129a6/power/action/reset\"/>
        \           <Link rel=\"power:shutdown\" href=\"https://testurl.local/api/vApp/vm-9bb33684-8642-4279-8af2-24eed5f129a6/power/action/shutdown\"/>
        \           <Link rel=\"power:suspend\" href=\"https://testurl.local/api/vApp/vm-9bb33684-8642-4279-8af2-24eed5f129a6/power/action/suspend\"/>
        \           <Link rel=\"undeploy\" type=\"application/vnd.vmware.vcloud.undeployVAppParams+xml\"
        href=\"https://testurl.local/api/vApp/vm-9bb33684-8642-4279-8af2-24eed5f129a6/action/undeploy\"/>
        \           <Link rel=\"edit\" type=\"application/vnd.vmware.vcloud.vm+xml\"
        href=\"https://testurl.local/api/vApp/vm-9bb33684-8642-4279-8af2-24eed5f129a6\"/>
        \           <Link rel=\"down\" type=\"application/vnd.vmware.vcloud.metadata+xml\"
        href=\"https://testurl.local/api/vApp/vm-9bb33684-8642-4279-8af2-24eed5f129a6/metadata\"/>
        \           <Link rel=\"down\" type=\"application/vnd.vmware.vcloud.productSections+xml\"
        href=\"https://testurl.local/api/vApp/vm-9bb33684-8642-4279-8af2-24eed5f129a6/productSections/\"/>
        \           <Link rel=\"screen:thumbnail\" href=\"https://testurl.local/api/vApp/vm-9bb33684-8642-4279-8af2-24eed5f129a6/screen\"/>
        \           <Link rel=\"screen:acquireTicket\" href=\"https://testurl.local/api/vApp/vm-9bb33684-8642-4279-8af2-24eed5f129a6/screen/action/acquireTicket\"/>
        \           <Link rel=\"media:insertMedia\" type=\"application/vnd.vmware.vcloud.mediaInsertOrEjectParams+xml\"
        href=\"https://testurl.local/api/vApp/vm-9bb33684-8642-4279-8af2-24eed5f129a6/media/action/insertMedia\"/>
        \           <Link rel=\"media:ejectMedia\" type=\"application/vnd.vmware.vcloud.mediaInsertOrEjectParams+xml\"
        href=\"https://testurl.local/api/vApp/vm-9bb33684-8642-4279-8af2-24eed5f129a6/media/action/ejectMedia\"/>
        \           <Link rel=\"disk:attach\" type=\"application/vnd.vmware.vcloud.diskAttachOrDetachParams+xml\"
        href=\"https://testurl.local/api/vApp/vm-9bb33684-8642-4279-8af2-24eed5f129a6/disk/action/attach\"/>
        \           <Link rel=\"disk:detach\" type=\"application/vnd.vmware.vcloud.diskAttachOrDetachParams+xml\"
        href=\"https://testurl.local/api/vApp/vm-9bb33684-8642-4279-8af2-24eed5f129a6/disk/action/detach\"/>
        \           <Link rel=\"installVmwareTools\" href=\"https://testurl.local/api/vApp/vm-9bb33684-8642-4279-8af2-24eed5f129a6/action/installVMwareTools\"/>
        \           <Link rel=\"snapshot:create\" type=\"application/vnd.vmware.vcloud.createSnapshotParams+xml\"
        href=\"https://testurl.local/api/vApp/vm-9bb33684-8642-4279-8af2-24eed5f129a6/action/createSnapshot\"/>
        \           <Link rel=\"reconfigureVm\" type=\"application/vnd.vmware.vcloud.vm+xml\"
        name=\"Test_vm1\" href=\"https://testurl.local/api/vApp/vm-9bb33684-8642-4279-8af2-24eed5f129a6/action/reconfigureVm\"/>
        \           <Link rel=\"up\" type=\"application/vnd.vmware.vcloud.vApp+xml\"
        href=\"https://testurl.local/api/vApp/vapp-65b4dbc9-b0b1-46e4-a420-8f8147369f8b\"/>
        \           <Description>1 vCPU\r2GB RAM\r16GB disco sistema</Description>
        \           <ovf:VirtualHardwareSection xmlns:ns12=\"http://www.vmware.com/vcloud/v1.5\"
        ovf:transport=\"\" ns12:href=\"https://testurl.local/api/vApp/vm-9bb33684-8642-4279-8af2-24eed5f129a6/virtualHardwareSection/\"
        ns12:type=\"application/vnd.vmware.vcloud.virtualHardwareSection+xml\">
        \               <ovf:Info>Virtual hardware requirements</ovf:Info>
                        <ovf:System>
        \                   <vssd:ElementName>Virtual Hardware Family</vssd:ElementName>
        \                   <vssd:InstanceID>0</vssd:InstanceID>
                            <vssd:VirtualSystemIdentifier>Test_vm1</vssd:VirtualSystemIdentifier>
        \                   <vssd:VirtualSystemType>vmx-09</vssd:VirtualSystemType>
        \               </ovf:System>
                        <ovf:Item>
                            <rasd:Address>00:50:56:02:04:af</rasd:Address>
        \                   <rasd:AddressOnParent>1</rasd:AddressOnParent>
                            <rasd:AutomaticAllocation>true</rasd:AutomaticAllocation>
        \                   <rasd:Connection ns12:ipAddress=\"10.202.4.6\" ns12:primaryNetworkConnection=\"false\"
        ns12:ipAddressingMode=\"POOL\">Test_network1</rasd:Connection>
                            <rasd:Description>E1000
        ethernet adapter on \"Test_network1\"</rasd:Description>
                            <rasd:ElementName>Network
        adapter 1</rasd:ElementName>
                            <rasd:InstanceID>1</rasd:InstanceID>
        \                   <rasd:ResourceSubType>E1000</rasd:ResourceSubType>
                            <rasd:ResourceType>10</rasd:ResourceType>
        \               </ovf:Item>
                        <ovf:Item>
                            <rasd:Address>00:50:56:02:04:ae</rasd:Address>
        \                   <rasd:AddressOnParent>0</rasd:AddressOnParent>
                            <rasd:AutomaticAllocation>true</rasd:AutomaticAllocation>
        \                   <rasd:Connection ns12:ipAddress=\"10.202.4.3\" ns12:primaryNetworkConnection=\"true\"
        ns12:ipAddressingMode=\"POOL\">Test_network1</rasd:Connection>
                            <rasd:Description>E1000
        ethernet adapter on \"Test_network1\"</rasd:Description>
                            <rasd:ElementName>Network
        adapter 0</rasd:ElementName>
                            <rasd:InstanceID>2</rasd:InstanceID>
        \                   <rasd:ResourceSubType>E1000</rasd:ResourceSubType>
                            <rasd:ResourceType>10</rasd:ResourceType>
        \               </ovf:Item>
                        <ovf:Item>
                            <rasd:Address>0</rasd:Address>
        \                   <rasd:Description>SCSI Controller</rasd:Description>
        \                   <rasd:ElementName>SCSI Controller 0</rasd:ElementName>
        \                   <rasd:InstanceID>3</rasd:InstanceID>
                            <rasd:ResourceSubType>lsilogicsas</rasd:ResourceSubType>
        \                   <rasd:ResourceType>6</rasd:ResourceType>
                        </ovf:Item>
        \               <ovf:Item>
                            <rasd:AddressOnParent>0</rasd:AddressOnParent>
        \                   <rasd:Description>Hard disk</rasd:Description>
                            <rasd:ElementName>Hard
        disk 1</rasd:ElementName>
                            <rasd:HostResource ns12:capacity=\"16384\"
        ns12:busSubType=\"lsilogicsas\" ns12:busType=\"6\"/>
                            <rasd:InstanceID>2000</rasd:InstanceID>
        \                   <rasd:Parent>3</rasd:Parent>
                            <rasd:ResourceType>17</rasd:ResourceType>
        \               </ovf:Item>
                        <ovf:Item>
                            <rasd:Address>0</rasd:Address>
        \                   <rasd:Description>IDE Controller</rasd:Description>
        \                   <rasd:ElementName>IDE Controller 0</rasd:ElementName>
        \                   <rasd:InstanceID>4</rasd:InstanceID>
                            <rasd:ResourceType>5</rasd:ResourceType>
        \               </ovf:Item>
                        <ovf:Item>
                            <rasd:AddressOnParent>1</rasd:AddressOnParent>
        \                   <rasd:AutomaticAllocation>true</rasd:AutomaticAllocation>
        \                   <rasd:Description>CD/DVD Drive</rasd:Description>
                            <rasd:ElementName>CD/DVD
        Drive 1</rasd:ElementName>
                            <rasd:HostResource/>
                            <rasd:InstanceID>3000</rasd:InstanceID>
        \                   <rasd:Parent>4</rasd:Parent>
                            <rasd:ResourceType>15</rasd:ResourceType>
        \               </ovf:Item>
                        <ovf:Item>
                            <rasd:AddressOnParent>0</rasd:AddressOnParent>
        \                   <rasd:AutomaticAllocation>false</rasd:AutomaticAllocation>
        \                   <rasd:Description>Floppy Drive</rasd:Description>
                            <rasd:ElementName>Floppy
        Drive 1</rasd:ElementName>
                            <rasd:HostResource/>
                            <rasd:InstanceID>8000</rasd:InstanceID>
        \                   <rasd:ResourceType>14</rasd:ResourceType>
                        </ovf:Item>
        \               <ovf:Item ns12:href=\"https://testurl.local/api/vApp/vm-9bb33684-8642-4279-8af2-24eed5f129a6/virtualHardwareSection/cpu\"
        ns12:type=\"application/vnd.vmware.vcloud.rasdItem+xml\">
                            <rasd:AllocationUnits>hertz
        * 10^6</rasd:AllocationUnits>
                            <rasd:Description>Number
        of Virtual CPUs</rasd:Description>
                            <rasd:ElementName>1
        virtual CPU(s)</rasd:ElementName>
                            <rasd:InstanceID>5</rasd:InstanceID>
        \                   <rasd:Reservation>0</rasd:Reservation>
                            <rasd:ResourceType>3</rasd:ResourceType>
        \                   <rasd:VirtualQuantity>1</rasd:VirtualQuantity>
                            <rasd:Weight>0</rasd:Weight>
        \                   <Link rel=\"edit\" type=\"application/vnd.vmware.vcloud.rasdItem+xml\"
        href=\"https://testurl.local/api/vApp/vm-9bb33684-8642-4279-8af2-24eed5f129a6/virtualHardwareSection/cpu\"/>
        \               </ovf:Item>
                        <ovf:Item ns12:href=\"https://testurl.local/api/vApp/vm-9bb33684-8642-4279-8af2-24eed5f129a6/virtualHardwareSection/memory\"
        ns12:type=\"application/vnd.vmware.vcloud.rasdItem+xml\">
                            <rasd:AllocationUnits>byte
        * 2^20</rasd:AllocationUnits>
                            <rasd:Description>Memory
        Size</rasd:Description>
                            <rasd:ElementName>2048 MB of
        memory</rasd:ElementName>
                            <rasd:InstanceID>6</rasd:InstanceID>
        \                   <rasd:Reservation>0</rasd:Reservation>
                            <rasd:ResourceType>4</rasd:ResourceType>
        \                   <rasd:VirtualQuantity>2048</rasd:VirtualQuantity>
                            <rasd:Weight>0</rasd:Weight>
        \                   <Link rel=\"edit\" type=\"application/vnd.vmware.vcloud.rasdItem+xml\"
        href=\"https://testurl.local/api/vApp/vm-9bb33684-8642-4279-8af2-24eed5f129a6/virtualHardwareSection/memory\"/>
        \               </ovf:Item>
                        <Link rel=\"edit\" type=\"application/vnd.vmware.vcloud.virtualHardwareSection+xml\"
        href=\"https://testurl.local/api/vApp/vm-9bb33684-8642-4279-8af2-24eed5f129a6/virtualHardwareSection/\"/>
        \               <Link rel=\"down\" type=\"application/vnd.vmware.vcloud.rasdItem+xml\"
        href=\"https://testurl.local/api/vApp/vm-9bb33684-8642-4279-8af2-24eed5f129a6/virtualHardwareSection/cpu\"/>
        \               <Link rel=\"edit\" type=\"application/vnd.vmware.vcloud.rasdItem+xml\"
        href=\"https://testurl.local/api/vApp/vm-9bb33684-8642-4279-8af2-24eed5f129a6/virtualHardwareSection/cpu\"/>
        \               <Link rel=\"down\" type=\"application/vnd.vmware.vcloud.rasdItem+xml\"
        href=\"https://testurl.local/api/vApp/vm-9bb33684-8642-4279-8af2-24eed5f129a6/virtualHardwareSection/memory\"/>
        \               <Link rel=\"edit\" type=\"application/vnd.vmware.vcloud.rasdItem+xml\"
        href=\"https://testurl.local/api/vApp/vm-9bb33684-8642-4279-8af2-24eed5f129a6/virtualHardwareSection/memory\"/>
        \               <Link rel=\"down\" type=\"application/vnd.vmware.vcloud.rasdItemsList+xml\"
        href=\"https://testurl.local/api/vApp/vm-9bb33684-8642-4279-8af2-24eed5f129a6/virtualHardwareSection/disks\"/>
        \               <Link rel=\"edit\" type=\"application/vnd.vmware.vcloud.rasdItemsList+xml\"
        href=\"https://testurl.local/api/vApp/vm-9bb33684-8642-4279-8af2-24eed5f129a6/virtualHardwareSection/disks\"/>
        \               <Link rel=\"down\" type=\"application/vnd.vmware.vcloud.rasdItemsList+xml\"
        href=\"https://testurl.local/api/vApp/vm-9bb33684-8642-4279-8af2-24eed5f129a6/virtualHardwareSection/media\"/>
        \               <Link rel=\"down\" type=\"application/vnd.vmware.vcloud.rasdItemsList+xml\"
        href=\"https://testurl.local/api/vApp/vm-9bb33684-8642-4279-8af2-24eed5f129a6/virtualHardwareSection/networkCards\"/>
        \               <Link rel=\"edit\" type=\"application/vnd.vmware.vcloud.rasdItemsList+xml\"
        href=\"https://testurl.local/api/vApp/vm-9bb33684-8642-4279-8af2-24eed5f129a6/virtualHardwareSection/networkCards\"/>
        \               <Link rel=\"down\" type=\"application/vnd.vmware.vcloud.rasdItemsList+xml\"
        href=\"https://testurl.local/api/vApp/vm-9bb33684-8642-4279-8af2-24eed5f129a6/virtualHardwareSection/serialPorts\"/>
        \               <Link rel=\"edit\" type=\"application/vnd.vmware.vcloud.rasdItemsList+xml\"
        href=\"https://testurl.local/api/vApp/vm-9bb33684-8642-4279-8af2-24eed5f129a6/virtualHardwareSection/serialPorts\"/>
        \           </ovf:VirtualHardwareSection>
                    <ovf:OperatingSystemSection
        xmlns:ns12=\"http://www.vmware.com/vcloud/v1.5\" ovf:id=\"101\" ns12:href=\"https://testurl.local/api/vApp/vm-9bb33684-8642-4279-8af2-24eed5f129a6/operatingSystemSection/\"
        ns12:type=\"application/vnd.vmware.vcloud.operatingSystemSection+xml\" vmw:osType=\"centos64Guest\">
        \               <ovf:Info>Specifies the operating system installed</ovf:Info>
        \               <ovf:Description>CentOS 4/5/6 (64-bit)</ovf:Description>
        \               <Link rel=\"edit\" type=\"application/vnd.vmware.vcloud.operatingSystemSection+xml\"
        href=\"https://testurl.local/api/vApp/vm-9bb33684-8642-4279-8af2-24eed5f129a6/operatingSystemSection/\"/>
        \           </ovf:OperatingSystemSection>
                    <NetworkConnectionSection
        type=\"application/vnd.vmware.vcloud.networkConnectionSection+xml\" href=\"https://testurl.local/api/vApp/vm-9bb33684-8642-4279-8af2-24eed5f129a6/networkConnectionSection/\"
        ovf:required=\"false\">
                        <ovf:Info>Specifies the available
        VM network connections</ovf:Info>
                        <PrimaryNetworkConnectionIndex>0</PrimaryNetworkConnectionIndex>
        \               <NetworkConnection network=\"Test_network1\" needsCustomization=\"false\">
        \                   <NetworkConnectionIndex>1</NetworkConnectionIndex>
                            <IpAddress>10.202.4.6</IpAddress>
        \                   <IsConnected>true</IsConnected>
                            <MACAddress>00:50:56:02:04:af</MACAddress>
        \                   <IpAddressAllocationMode>POOL</IpAddressAllocationMode>
        \               </NetworkConnection>
                        <NetworkConnection network=\"Test_network1\"
        needsCustomization=\"false\">
                            <NetworkConnectionIndex>0</NetworkConnectionIndex>
        \                   <IpAddress>10.202.4.3</IpAddress>
                            <IsConnected>true</IsConnected>
        \                   <MACAddress>00:50:56:02:04:ae</MACAddress>
                            <IpAddressAllocationMode>POOL</IpAddressAllocationMode>
        \               </NetworkConnection>
                        <Link rel=\"edit\" type=\"application/vnd.vmware.vcloud.networkConnectionSection+xml\"
        href=\"https://testurl.local/api/vApp/vm-9bb33684-8642-4279-8af2-24eed5f129a6/networkConnectionSection/\"/>
        \           </NetworkConnectionSection>
                    <GuestCustomizationSection
        type=\"application/vnd.vmware.vcloud.guestCustomizationSection+xml\" href=\"https://testurl.local/api/vApp/vm-9bb33684-8642-4279-8af2-24eed5f129a6/guestCustomizationSection/\"
        ovf:required=\"false\">
                        <ovf:Info>Specifies Guest OS Customization
        Settings</ovf:Info>
                        <Enabled>true</Enabled>
                        <ChangeSid>false</ChangeSid>
        \               <VirtualMachineId>9bb33684-8642-4279-8af2-24eed5f129a6</VirtualMachineId>
        \               <JoinDomainEnabled>false</JoinDomainEnabled>
                        <UseOrgSettings>false</UseOrgSettings>
        \               <AdminPasswordEnabled>false</AdminPasswordEnabled>
                        <AdminPasswordAuto>false</AdminPasswordAuto>
        \               <AdminPassword>example_password</AdminPassword>
                        <ResetPasswordRequired>false</ResetPasswordRequired>
        \               <ComputerName>computer-name</ComputerName>
                        <Link
        rel=\"edit\" type=\"application/vnd.vmware.vcloud.guestCustomizationSection+xml\"
        href=\"https://testurl.local/api/vApp/vm-9bb33684-8642-4279-8af2-24eed5f129a6/guestCustomizationSection/\"/>
        \           </GuestCustomizationSection>
                    <RuntimeInfoSection
        xmlns:ns12=\"http://www.vmware.com/vcloud/v1.5\" ns12:href=\"https://testurl.local/api/vApp/vm-9bb33684-8642-4279-8af2-24eed5f129a6/runtimeInfoSection\"
        ns12:type=\"application/vnd.vmware.vcloud.virtualHardwareSection+xml\">
        \               <ovf:Info>Specifies Runtime info</ovf:Info>
                        <VMWareTools
        version=\"9217\"/>
                    </RuntimeInfoSection>
                    <SnapshotSection
        type=\"application/vnd.vmware.vcloud.snapshotSection+xml\" href=\"https://testurl.local/api/vApp/vm-9bb33684-8642-4279-8af2-24eed5f129a6/snapshotSection\"
        ovf:required=\"false\">
                        <ovf:Info>Snapshot information section</ovf:Info>
        \           </SnapshotSection>
                    <DateCreated>2014-05-19T12:31:00.670+02:00</DateCreated>
        \           <VAppScopedLocalId>00000000-12c0-4ee7-92c8-0190e1f900a6</VAppScopedLocalId>
        \           <ovfenv:Environment xmlns:ns12=\"http://www.vmware.com/schema/ovfenv\"
        ovfenv:id=\"\" ns12:vCenterId=\"vm-10678\">
                        <ovfenv:PlatformSection>
        \                   <ovfenv:Kind>VMware ESXi</ovfenv:Kind>
                            <ovfenv:Version>5.1.0</ovfenv:Version>
        \                   <ovfenv:Vendor>VMware, Inc.</ovfenv:Vendor>
                            <ovfenv:Locale>en</ovfenv:Locale>
        \               </ovfenv:PlatformSection>
                        <ovfenv:PropertySection>
        \                   <ovfenv:Property ovfenv:value=\"None\" ovfenv:key=\"vCloud_UseSysPrep\"/>
        \                   <ovfenv:Property ovfenv:value=\"11\" ovfenv:key=\"vCloud_bitMask\"/>
        \                   <ovfenv:Property ovfenv:value=\"static\" ovfenv:key=\"vCloud_bootproto_0\"/>
        \                   <ovfenv:Property ovfenv:value=\"static\" ovfenv:key=\"vCloud_bootproto_1\"/>
        \                   <ovfenv:Property ovfenv:value=\"computer-name\" ovfenv:key=\"vCloud_computerName\"/>
        \                   <ovfenv:Property ovfenv:value=\"10.101.0.10\" ovfenv:key=\"vCloud_dns1_0\"/>
        \                   <ovfenv:Property ovfenv:value=\"10.101.0.10\" ovfenv:key=\"vCloud_dns1_1\"/>
        \                   <ovfenv:Property ovfenv:value=\"10.101.0.105\" ovfenv:key=\"vCloud_dns2_0\"/>
        \                   <ovfenv:Property ovfenv:value=\"10.101.0.105\" ovfenv:key=\"vCloud_dns2_1\"/>
        \                   <ovfenv:Property ovfenv:value=\"10.202.4.1\" ovfenv:key=\"vCloud_gateway_0\"/>
        \                   <ovfenv:Property ovfenv:value=\"10.202.4.1\" ovfenv:key=\"vCloud_gateway_1\"/>
        \                   <ovfenv:Property ovfenv:value=\"10.202.4.6\" ovfenv:key=\"vCloud_ip_0\"/>
        \                   <ovfenv:Property ovfenv:value=\"10.202.4.3\" ovfenv:key=\"vCloud_ip_1\"/>
        \                   <ovfenv:Property ovfenv:value=\"00:50:56:02:04:af\" ovfenv:key=\"vCloud_macaddr_0\"/>
        \                   <ovfenv:Property ovfenv:value=\"00:50:56:02:04:ae\" ovfenv:key=\"vCloud_macaddr_1\"/>
        \                   <ovfenv:Property ovfenv:value=\"13f87a9b-a24d-4157-8e13-70cc456e055b\" ovfenv:key=\"vCloud_markerid\"/>
                            <ovfenv:Property ovfenv:value=\"255.255.254.0\" ovfenv:key=\"vCloud_netmask_0\"/>
                            <ovfenv:Property ovfenv:value=\"255.255.254.0\" ovfenv:key=\"vCloud_netmask_1\"/>
                            <ovfenv:Property ovfenv:value=\"2\" ovfenv:key=\"vCloud_numnics\"/>
                            <ovfenv:Property ovfenv:value=\"1\" ovfenv:key=\"vCloud_primaryNic\"/>
                            <ovfenv:Property ovfenv:value=\"5648599\" ovfenv:key=\"vCloud_reconfigToken\"/>
                            <ovfenv:Property ovfenv:value=\"0\" ovfenv:key=\"vCloud_resetPassword\"/>
                            <ovfenv:Property ovfenv:value=\"example.dns.local\" ovfenv:key=\"vCloud_suffix_0\"/>
                            <ovfenv:Property ovfenv:value=\"example.dns.local\" ovfenv:key=\"vCloud_suffix_1\"/>
                        </ovfenv:PropertySection>
        \               <ve:EthernetAdapterSection xmlns:ve=\"http://www.vmware.com/schema/ovfenv\" xmlns=\"http://schemas.dmtf.org/ovf/environment/1\" xmlns:oe=\"http://schemas.dmtf.org/ovf/environment/1\">
        \                   <ve:Adapter ve:mac=\"00:50:56:02:04:ae\" ve:network=\"dvpg_testorg_605_Network-Test\" ve:unitNumber=\"7\"/>
                            <ve:Adapter ve:mac=\"00:50:56:02:04:af\" ve:network=\"dvpg_testorg_605_Network-Test\" ve:unitNumber=\"8\"/>
                        </ve:EthernetAdapterSection>
        \           </ovfenv:Environment>
                    <VmCapabilities type=\"application/vnd.vmware.vcloud.vmCapabilitiesSection+xml\" href=\"https://testurl.local/api/vApp/vm-9bb33684-8642-4279-8af2-24eed5f129a6/vmCapabilities/\">
        \               <Link rel=\"edit\" type=\"application/vnd.vmware.vcloud.vmCapabilitiesSection+xml\"
        href=\"https://testurl.local/api/vApp/vm-9bb33684-8642-4279-8af2-24eed5f129a6/vmCapabilities/\"/>
        \               <MemoryHotAddEnabled>false</MemoryHotAddEnabled>
                        <CpuHotAddEnabled>false</CpuHotAddEnabled>
        \           </VmCapabilities>
                    <StorageProfile type=\"application/vnd.vmware.vcloud.vdcStorageProfile+xml\"
        name=\"Silver\" href=\"https://testurl.local/api/vdcStorageProfile/d070c1ed-4246-4b1c-8a90-7659a1037cb9\"/>
        \       </Vm>
            </Children>
            </VApp>
        "
    http_version:
  recorded_at: Thu, 22 May 2014 14:08:51 GMT
recorded_with: VCR 2.9.0
